[livedemo00.template-help.com/wt_69536/index-variant-1.html]
[backblue.gif]
[fade.gif]
[index.html]
[livedemo00.template-help.com/cdn-cgi/apps/head/3ts2ksMwXvKRuG480KNifJ2_JNM.js]
[static.livedemo00.template-help.com/wt_69536/css/bootstrap.css]
[static.livedemo00.template-help.com/wt_69536/css/style.css]
[static.livedemo00.template-help.com/wt_69536/css/fonts.css]
[static.livedemo00.template-help.com/wt_69536/images/logo-108x40.png]
[static.livedemo00.template-help.com/wt_69536/images/layout-panel/index-variant-1.jpg]
[livedemo00.template-help.com/wt_69536/index-variant-2.html]
[livedemo00.template-help.com/wt_69536/index-variant-3.html]
[livedemo00.template-help.com/wt_69536/index-variant-4.html]
[static.livedemo00.template-help.com/wt_69536/images/layout-panel/index-variant-4.jpg]
[livedemo00.template-help.com/wt_69536/index-variant-5.html]
[static.livedemo00.template-help.com/wt_69536/images/layout-panel/index-variant-5.jpg]
[livedemo00.template-help.com/wt_69536/index-variant-6.html]
[static.livedemo00.template-help.com/wt_69536/images/layout-panel/index-variant-6.jpg]
[livedemo00.template-help.com/wt_69536/index-variant-7.html]
[static.livedemo00.template-help.com/wt_69536/images/layout-panel/index-variant-7.jpg]
[livedemo00.template-help.com/wt_69536/index-variant-8.html]
[static.livedemo00.template-help.com/wt_69536/images/layout-panel/index-variant-8.jpg]
[livedemo00.template-help.com/wt_69536/header-default.html]
[static.livedemo00.template-help.com/wt_69536/images/layout-panel/header-1.jpg]
[livedemo00.template-help.com/wt_69536/header-default-dark.html]
[livedemo00.template-help.com/wt_69536/header-creative.html]
[static.livedemo00.template-help.com/wt_69536/images/layout-panel/header-4.jpg]
[livedemo00.template-help.com/wt_69536/header-modern.html]
[static.livedemo00.template-help.com/wt_69536/images/layout-panel/header-3.jpg]
[livedemo00.template-help.com/wt_69536/header-corporate.html]
[livedemo00.template-help.com/wt_69536/header-transparent.html]
[livedemo00.template-help.com/wt_69536/header-sidebar.html]
[livedemo00.template-help.com/wt_69536/header-minimal.html]
[static.livedemo00.template-help.com/wt_69536/images/layout-panel/header-7.jpg]
[livedemo00.template-help.com/wt_69536/header-sidebar-inverse.html]
[static.livedemo00.template-help.com/wt_69536/images/layout-panel/header-9.jpg]
[livedemo00.template-help.com/wt_69536/footer-default.html]
[static.livedemo00.template-help.com/wt_69536/images/layout-panel/footer-1.jpg]
[livedemo00.template-help.com/wt_69536/footer-minimal.html]
[static.livedemo00.template-help.com/wt_69536/images/layout-panel/footer-3.jpg]
[livedemo00.template-help.com/wt_69536/footer-modern.html]
[static.livedemo00.template-help.com/wt_69536/images/layout-panel/footer-2.jpg]
[livedemo00.template-help.com/wt_69536/index.html]
[livedemo00.template-help.com/wt_69536/about.html]
[livedemo00.template-help.com/wt_69536/services.html]
[livedemo00.template-help.com/wt_69536/single-service.html]
[livedemo00.template-help.com/wt_69536/portfolio.html]
[livedemo00.template-help.com/wt_69536/portfolio-2col.html]
[livedemo00.template-help.com/wt_69536/portfolio-4col.html]
[livedemo00.template-help.com/wt_69536/portfolio-fullwidth.html]
[livedemo00.template-help.com/wt_69536/portfolio-justify.html]
[livedemo00.template-help.com/wt_69536/portfolio-masonry.html]
[livedemo00.template-help.com/wt_69536/portfolio-album.html]
[livedemo00.template-help.com/wt_69536/single-portfolio.html]
[livedemo00.template-help.com/wt_69536/our-team.html]
[livedemo00.template-help.com/wt_69536/team-member-profile.html]
[livedemo00.template-help.com/wt_69536/404-page.html]
[livedemo00.template-help.com/wt_69536/search-results.html]
[livedemo00.template-help.com/wt_69536/coming-soon.html]
[livedemo00.template-help.com/wt_69536/privacy-policy.html]
[livedemo00.template-help.com/wt_69536/accordion.html]
[livedemo00.template-help.com/wt_69536/tabs.html]
[livedemo00.template-help.com/wt_69536/buttons.html]
[livedemo00.template-help.com/wt_69536/typography.html]
[livedemo00.template-help.com/wt_69536/countdown.html]
[livedemo00.template-help.com/wt_69536/animated-counter.html]
[livedemo00.template-help.com/wt_69536/number-counter.html]
[livedemo00.template-help.com/wt_69536/circles-counter.html]
[livedemo00.template-help.com/wt_69536/standard-post.html]
[livedemo00.template-help.com/wt_69536/nonstandard-post-with-sidebar.html]
[livedemo00.template-help.com/wt_69536/nonstandard-post.html]
[livedemo00.template-help.com/wt_69536/gallery-post.html]
[livedemo00.template-help.com/wt_69536/image-post.html]
[livedemo00.template-help.com/wt_69536/link-post.html]
[livedemo00.template-help.com/wt_69536/quote-post.html]
[livedemo00.template-help.com/wt_69536/video-post.html]
[livedemo00.template-help.com/wt_69536/audio-post.html]
[livedemo00.template-help.com/wt_69536/classic-blog.html]
[livedemo00.template-help.com/wt_69536/grid-blog.html]
[livedemo00.template-help.com/wt_69536/masonry-blog.html]
[livedemo00.template-help.com/wt_69536/justify-blog.html]
[livedemo00.template-help.com/wt_69536/left-sidebar.html]
[livedemo00.template-help.com/wt_69536/right-sidebar.html]
[livedemo00.template-help.com/wt_69536/no-sidebar.html]
[livedemo00.template-help.com/wt_69536/contacts.html]
[static.livedemo00.template-help.com/wt_69536/images/slider-1.png]
[static.livedemo00.template-help.com/wt_69536/images/slider-2.png]
[static.livedemo00.template-help.com/wt_69536/images/slider-3.png]
[static.livedemo00.template-help.com/wt_69536/images/bg-decor-1.png]
[static.livedemo00.template-help.com/wt_69536/images/bg-decor-2.png]
[static.livedemo00.template-help.com/wt_69536/images/bg-decor-3.png]
[static.livedemo00.template-help.com/wt_69536/images/service-3.jpg]
[static.livedemo00.template-help.com/wt_69536/images/service-4.jpg]
[static.livedemo00.template-help.com/wt_69536/images/service-5.jpg]
[static.livedemo00.template-help.com/wt_69536/images/service-7.jpg]
[static.livedemo00.template-help.com/wt_69536/images/service-8.jpg]
[static.livedemo00.template-help.com/wt_69536/images/bg-image-1.jpg]
[static.livedemo00.template-help.com/wt_69536/images/bg-decor-5.png]
[static.livedemo00.template-help.com/wt_69536/images/home-business-1-1481x2068.png]
[static.livedemo00.template-help.com/wt_69536/images/bg-decor-6.png]
[static.livedemo00.template-help.com/wt_69536/images/portfolio-5-418x315.jpg]
[static.livedemo00.template-help.com/wt_69536/images/portfolio-2-418x315.jpg]
[static.livedemo00.template-help.com/wt_69536/images/portfolio-9-418x315.jpg]
[static.livedemo00.template-help.com/wt_69536/images/portfolio-4-418x315.jpg]
[static.livedemo00.template-help.com/wt_69536/images/portfolio-1-418x315.jpg]
[static.livedemo00.template-help.com/wt_69536/images/portfolio-original-6-1920x1539.jpg]
[static.livedemo00.template-help.com/wt_69536/images/portfolio-original-7-1280x1920.jpg]
[static.livedemo00.template-help.com/wt_69536/images/portfolio-7-418x315.jpg]
[static.livedemo00.template-help.com/wt_69536/images/portfolio-original-8-1920x1336.jpg]
[static.livedemo00.template-help.com/wt_69536/images/portfolio-8-418x315.jpg]
[static.livedemo00.template-help.com/wt_69536/images/parallax-1.jpg]
[static.livedemo00.template-help.com/wt_69536/images/calvin-fitzerald-418x315.jpg]
[static.livedemo00.template-help.com/wt_69536/images/josh-wagner-418x315.jpg]
[static.livedemo00.template-help.com/wt_69536/images/home-post-1-418x315.jpg]
[static.livedemo00.template-help.com/wt_69536/images/home-post-3-418x315.jpg]
[static.livedemo00.template-help.com/wt_69536/images/testimonials-3-120x120.jpg]
[static.livedemo00.template-help.com/wt_69536/images/company-1-126x102.png]
[static.livedemo00.template-help.com/wt_69536/images/company-2-134x102.png]
[static.livedemo00.template-help.com/wt_69536/images/company-3-132x102.png]
[static.livedemo00.template-help.com/wt_69536/images/company-4-126x102.png]
[static.livedemo00.template-help.com/wt_69536/images/company-5-138x102.png]
[static.livedemo00.template-help.com/wt_69536/images/company-6-143x102.png]
[static.livedemo00.template-help.com/wt_69536/images/company-7-109x102.png]
[static.livedemo00.template-help.com/wt_69536/images/company-8-109x102.png]
[livedemo00.template-help.com/cdn-cgi/scripts/5c5dd728/cloudflare-static/email-decode.min.js]
[static.livedemo00.template-help.com/wt_69536/js/script.js]
[livedemo00.template-help.com/wt_69536/index-variant-1.html]
[static.livedemo00.template-help.com/wt_69536/css/bootstrap.css]
[static.livedemo00.template-help.com/wt_69536/images/bg-image-3.jpg]
[static.livedemo00.template-help.com/wt_69536/images/bg-image-4.jpg]
[static.livedemo00.template-help.com/wt_69536/js/core.min.js]
[static.livedemo00.template-help.com/wt_69536/images/bg-image-6.jpg]
[static.livedemo00.template-help.com/wt_69536/images/bg-image-7.jpg]
[static.livedemo00.template-help.com/wt_69536/images/bg-image-8.jpg]
[static.livedemo00.template-help.com/wt_69536/images/bg-image-9.jpg]
[static.livedemo00.template-help.com/wt_69536/fonts/lgd641.eot]
[static.livedemo00.template-help.com/wt_69536/fonts/lgd41d.eot]
[static.livedemo00.template-help.com/wt_69536/fonts/lgd641.woff]
[static.livedemo00.template-help.com/wt_69536/fonts/lgd641.ttf]
[static.livedemo00.template-help.com/wt_69536/fonts/lgd641.svg]
[static.livedemo00.template-help.com/wt_69536/images/vimeo-play.png]
[static.livedemo00.template-help.com/wt_69536/images/video-play.png]
[static.livedemo00.template-help.com/wt_69536/images/youtube-play.png]
[static.livedemo00.template-help.com/wt_69536/images/loading.gif]
[static.livedemo00.template-help.com/wt_69536/images/sprite-01-8192x200.png]
[static.livedemo00.template-help.com/wt_69536/images/sprite-02-25276x200.png]
[static.livedemo00.template-help.com/wt_69536/images/sprite-03-27000x200.png]
[static.livedemo00.template-help.com/wt_69536/images/sprite-04-29904x200.png]
[static.livedemo00.template-help.com/wt_69536/images/sprite-05-14400x270.png]
[static.livedemo00.template-help.com/wt_69536/images/sprite-06-26344x200.png]
[static.livedemo00.template-help.com/wt_69536/images/sprite-07-16800x333.png]
[static.livedemo00.template-help.com/wt_69536/images/ajax-loader.gif]
[static.livedemo00.template-help.com/wt_69536/css/style.css]
[static.livedemo00.template-help.com/wt_69536/fonts/fontawesome-webfont3e6e.eot]
[static.livedemo00.template-help.com/wt_69536/fonts/fontawesome-webfont3e6e.woff2]
[static.livedemo00.template-help.com/wt_69536/fonts/fontawesome-webfontd41d.eot]
[static.livedemo00.template-help.com/wt_69536/fonts/fontawesome-webfont3e6e.woff]
[static.livedemo00.template-help.com/wt_69536/fonts/fontawesome-webfont3e6e.svg]
[static.livedemo00.template-help.com/wt_69536/fonts/materialdesignicons-webfont14e6.woff]
[static.livedemo00.template-help.com/wt_69536/fonts/materialdesignicons-webfont14e6.woff2]
[static.livedemo00.template-help.com/wt_69536/fonts/materialdesignicons-webfont14e6.eot]
[static.livedemo00.template-help.com/wt_69536/css/fonts.css]
[static.livedemo00.template-help.com/wt_69536/images/slider-slide-5-1920x1280.jpg]
[static.livedemo00.template-help.com/wt_69536/images/slider-slide-6-1920x986.jpg]
[static.livedemo00.template-help.com/wt_69536/fonts/materialdesignicons-webfont14e6.ttf]
[static.livedemo00.template-help.com/wt_69536/images/slider-slide-7-1920x1080.jpg]
[static.livedemo00.template-help.com/wt_69536/images/home-var-2-650x495.jpg]
[static.livedemo00.template-help.com/wt_69536/fonts/Linearicons.ttf]
[livedemo00.template-help.com/wt_69536/index-variant-2.html]
[static.livedemo00.template-help.com/wt_69536/images/layout-panel/index-variant-2.jpg]
[static.livedemo00.template-help.com/wt_69536/images/slider-slide-1-1920x1080.jpg]
[static.livedemo00.template-help.com/wt_69536/images/bg-decor-8.png]
[static.livedemo00.template-help.com/wt_69536/images/blog-image-2-886x1100.jpg]
[static.livedemo00.template-help.com/wt_69536/images/bg-decor-9.png]
[static.livedemo00.template-help.com/wt_69536/images/parallax-3.jpg]
[livedemo00.template-help.com/wt_69536/index-variant-3.html]
[static.livedemo00.template-help.com/wt_69536/images/layout-panel/index-variant-3.jpg]
[static.livedemo00.template-help.com/wt_69536/images/slider-slide-4-1920x1095.jpg]
[static.livedemo00.template-help.com/wt_69536/images/service-2-652x491.jpg]
[static.livedemo00.template-help.com/wt_69536/images/service-3-652x491.jpg]
[static.livedemo00.template-help.com/wt_69536/images/portfolio-original-5-1920x1280.jpg]
[static.livedemo00.template-help.com/wt_69536/images/ken-ferguson-418x415.jpg]
[livedemo00.template-help.com/wt_69536/index-variant-4.html]
[static.livedemo00.template-help.com/wt_69536/images/slider-slide-8.jpg]
[static.livedemo00.template-help.com/wt_69536/images/slider-slide-9.jpg]
[static.livedemo00.template-help.com/wt_69536/images/home-variant-5-1-391x642.jpg]
[static.livedemo00.template-help.com/wt_69536/images/bg-decor-11.png]
[static.livedemo00.template-help.com/wt_69536/images/testimonials-2-120x120.jpg]
[static.livedemo00.template-help.com/wt_69536/images/logo-white-108x40.png]
[static.livedemo00.template-help.com/wt_69536/images/gmap_marker_active.png]
[livedemo00.template-help.com/wt_69536/index-variant-5.html]
[static.livedemo00.template-help.com/wt_69536/images/portfolio-original-10-1920x1280.jpg]
[static.livedemo00.template-help.com/wt_69536/images/portfolio-10-418x315.jpg]
[livedemo00.template-help.com/wt_69536/index-variant-6.html]
[static.livedemo00.template-help.com/wt_69536/images/brand-1-128x111.png]
[static.livedemo00.template-help.com/wt_69536/images/brand-2-129x102.png]
[static.livedemo00.template-help.com/wt_69536/images/brand-3-143x110.png]
[static.livedemo00.template-help.com/wt_69536/images/brand-4-129x86.png]
[static.livedemo00.template-help.com/wt_69536/images/brand-5-142x102.png]
[static.livedemo00.template-help.com/wt_69536/images/brand-6-134x122.png]
[static.livedemo00.template-help.com/wt_69536/images/landing/home-14.png]
[livedemo00.template-help.com/wt_69536/index-variant-7.html]
[static.livedemo00.template-help.com/wt_69536/images/portfolio-justify-1-430x750.jpg]
[static.livedemo00.template-help.com/wt_69536/images/portfolio-justify-3-910x500.jpg]
[static.livedemo00.template-help.com/wt_69536/images/portfolio-justify-4-430x500.jpg]
[static.livedemo00.template-help.com/wt_69536/images/portfolio-original-6-1920x1280.jpg]
[static.livedemo00.template-help.com/wt_69536/images/portfolio-justify-6-670x500.jpg]
[livedemo00.template-help.com/wt_69536/index-variant-8.html]
[livedemo00.template-help.com/wt_69536/header-default.html]
[livedemo00.template-help.com/wt_69536/header-default-dark.html]
[livedemo00.template-help.com/wt_69536/header-creative.html]
[livedemo00.template-help.com/wt_69536/header-modern.html]
[livedemo00.template-help.com/wt_69536/header-corporate.html]
[static.livedemo00.template-help.com/wt_69536/images/layout-panel/header-5.jpg]
[livedemo00.template-help.com/wt_69536/header-transparent.html]
[livedemo00.template-help.com/wt_69536/header-sidebar.html]
[static.livedemo00.template-help.com/wt_69536/images/layout-panel/header-8.jpg]
[livedemo00.template-help.com/wt_69536/header-minimal.html]
[livedemo00.template-help.com/wt_69536/header-sidebar-inverse.html]
[livedemo00.template-help.com/wt_69536/footer-default.html]
[livedemo00.template-help.com/wt_69536/footer-minimal.html]
[livedemo00.template-help.com/wt_69536/footer-modern.html]
[static.livedemo00.template-help.com/wt_69536/images/landing/index-variant-2.jpg]
[static.livedemo00.template-help.com/wt_69536/images/landing/index-variant-3.jpg]
[static.livedemo00.template-help.com/wt_69536/images/landing/index-variant-4.jpg]
[static.livedemo00.template-help.com/wt_69536/images/landing/index-variant-5.jpg]
[static.livedemo00.template-help.com/wt_69536/images/landing/index-variant-7.jpg]
[static.livedemo00.template-help.com/wt_69536/images/landing/coming-soon-2.jpg]
[static.livedemo00.template-help.com/wt_69536/images/landing/slider-2.gif]
[static.livedemo00.template-help.com/wt_69536/images/landing/slider-3.gif]
[static.livedemo00.template-help.com/wt_69536/images/landing/slider-4.gif]
[static.livedemo00.template-help.com/wt_69536/images/landing/slider-5.gif]
[static.livedemo00.template-help.com/wt_69536/images/landing/index-1-header.jpg]
[static.livedemo00.template-help.com/wt_69536/images/landing/index-9-header.jpg]
[static.livedemo00.template-help.com/wt_69536/images/landing/index-5-header.jpg]
[static.livedemo00.template-help.com/wt_69536/images/landing/index-8-header.jpg]
[static.livedemo00.template-help.com/wt_69536/images/landing/index-1-footer.jpg]
[static.livedemo00.template-help.com/wt_69536/images/landing/index-3-footer.jpg]
[static.livedemo00.template-help.com/wt_69536/images/landing/blog-2.jpg]
[static.livedemo00.template-help.com/wt_69536/images/landing/blog-3.jpg]
[static.livedemo00.template-help.com/wt_69536/images/landing/blog-5.jpg]
[static.livedemo00.template-help.com/wt_69536/images/landing/blog-7.jpg]
[static.livedemo00.template-help.com/wt_69536/images/landing/blog-8.jpg]
[static.livedemo00.template-help.com/wt_69536/images/landing/blog-10.jpg]
[static.livedemo00.template-help.com/wt_69536/images/landing/blog-12.jpg]
[static.livedemo00.template-help.com/wt_69536/images/landing/portfolio-1.jpg]
[static.livedemo00.template-help.com/wt_69536/images/landing/portfolio-3.jpg]
[static.livedemo00.template-help.com/wt_69536/images/landing/portfolio-5.jpg]
[static.livedemo00.template-help.com/wt_69536/images/landing/portfolio-7.jpg]
[static.livedemo00.template-help.com/wt_69536/images/landing/page-1.jpg]
[static.livedemo00.template-help.com/wt_69536/images/landing/page-3.jpg]
[static.livedemo00.template-help.com/wt_69536/images/landing/page-5.jpg]
[static.livedemo00.template-help.com/wt_69536/images/landing/page-8.jpg]
[static.livedemo00.template-help.com/wt_69536/images/landing/page-10.jpg]
[static.livedemo00.template-help.com/wt_69536/images/landing/page-11.jpg]
[static.livedemo00.template-help.com/wt_69536/images/landing/page-12.jpg]
[static.livedemo00.template-help.com/wt_69536/images/landing/page-13.jpg]
[static.livedemo00.template-help.com/wt_69536/images/landing/page-14.jpg]
[static.livedemo00.template-help.com/wt_69536/images/landing/page-15.jpg]
[static.livedemo00.template-help.com/wt_69536/images/home-intro-15-1920x592.jpg]
[static.livedemo00.template-help.com/wt_69536/images/landing/landing-48-40x40.png]
[static.livedemo00.template-help.com/wt_69536/images/landing/landing-47-38x47.png]
[static.livedemo00.template-help.com/wt_69536/images/landing/landing-50-48x36.png]
[static.livedemo00.template-help.com/wt_69536/images/landing/landing-49-41x41.png]
[static.livedemo00.template-help.com/wt_69536/images/landing/landing-57-34x34.png]
[static.livedemo00.template-help.com/wt_69536/images/landing/landing-58-34x32.png]
[static.livedemo00.template-help.com/wt_69536/images/landing/landing-56-38x38.png]
[static.livedemo00.template-help.com/wt_69536/images/landing/landing-59-35x35.png]
[static.livedemo00.template-help.com/wt_69536/images/landing/landing-55-40x40.png]
[static.livedemo00.template-help.com/wt_69536/images/landing/landing-68-30x30.png]
[static.livedemo00.template-help.com/wt_69536/images/landing/landing-63-34x34.png]
[static.livedemo00.template-help.com/wt_69536/images/landing/landing-62-38x38.png]
[static.livedemo00.template-help.com/wt_69536/images/landing/landing-66-32x32.png]
[static.livedemo00.template-help.com/wt_69536/images/landing/landing-69-47x18.png]
[static.livedemo00.template-help.com/wt_69536/images/landing/landing-64-34x34.png]
[livedemo00.template-help.com/wt_69536/index.html]
[livedemo00.template-help.com/wt_69536/about.html]
[livedemo00.template-help.com/wt_69536/services.html]
[livedemo00.template-help.com/wt_69536/single-service.html]
[livedemo00.template-help.com/wt_69536/portfolio.html]
[static.livedemo00.template-help.com/wt_69536/images/portfolio-2col-1-652x491.jpg]
[static.livedemo00.template-help.com/wt_69536/images/portfolio-2col-2-652x491.jpg]
[static.livedemo00.template-help.com/wt_69536/images/portfolio-2col-4-652x491.jpg]
[static.livedemo00.template-help.com/wt_69536/images/portfolio-2col-6-652x491.jpg]
[static.livedemo00.template-help.com/wt_69536/images/portfolio-2col-8-652x491.jpg]
[livedemo00.template-help.com/wt_69536/portfolio-2col.html]
[livedemo00.template-help.com/wt_69536/portfolio-4col.html]
[livedemo00.template-help.com/wt_69536/portfolio-fullwidth.html]
[livedemo00.template-help.com/wt_69536/portfolio-justify.html]
[static.livedemo00.template-help.com/wt_69536/images/portfolio-masonry-2-430x700.jpg]
[static.livedemo00.template-help.com/wt_69536/images/portfolio-masonry-4-430x550.jpg]
[static.livedemo00.template-help.com/wt_69536/images/portfolio-masonry-5-430x500.jpg]
[livedemo00.template-help.com/wt_69536/portfolio-masonry.html]
[livedemo00.template-help.com/wt_69536/portfolio-album.html]
[static.livedemo00.template-help.com/wt_69536/images/portfolio-single-2-1200x800.jpg]
[static.livedemo00.template-help.com/wt_69536/images/portfolio-single-4-1200x800.jpg]
[static.livedemo00.template-help.com/wt_69536/images/portfolio-single-5-1200x800.jpg]
[static.livedemo00.template-help.com/wt_69536/images/portfolio-single-6-1200x800.jpg]
[static.livedemo00.template-help.com/wt_69536/images/portfolio-single-7-1200x800.jpg]
[static.livedemo00.template-help.com/wt_69536/images/portfolio-single-thumb-1-168x112.jpg]
[static.livedemo00.template-help.com/wt_69536/images/portfolio-single-thumb-2-168x112.jpg]
[static.livedemo00.template-help.com/wt_69536/images/portfolio-single-thumb-3-168x112.jpg]
[static.livedemo00.template-help.com/wt_69536/images/portfolio-single-thumb-4-168x112.jpg]
[static.livedemo00.template-help.com/wt_69536/images/portfolio-single-thumb-5-168x112.jpg]
[static.livedemo00.template-help.com/wt_69536/images/portfolio-single-thumb-6-168x112.jpg]
[static.livedemo00.template-help.com/wt_69536/images/portfolio-single-thumb-7-168x112.jpg]
[livedemo00.template-help.com/wt_69536/single-portfolio.html]
[livedemo00.template-help.com/wt_69536/our-team.html]
[static.livedemo00.template-help.com/wt_69536/images/taylor-wilson-980x980.jpg]
[livedemo00.template-help.com/wt_69536/team-member-profile.html]
[livedemo00.template-help.com/wt_69536/404-page.html]
[livedemo00.template-help.com/wt_69536/search-results.html]
[livedemo00.template-help.com/wt_69536/coming-soon.html]
[livedemo00.template-help.com/wt_69536/privacy-policy.html]
[livedemo00.template-help.com/wt_69536/accordion.html]
[livedemo00.template-help.com/wt_69536/tabs.html]
[livedemo00.template-help.com/wt_69536/buttons.html]
[static.livedemo00.template-help.com/wt_69536/images/typography-1-418x279.jpg]
[static.livedemo00.template-help.com/wt_69536/images/typography-1-1500x1000.jpg]
[static.livedemo00.template-help.com/wt_69536/images/aside-blog-about-1-210x210.jpg]
[livedemo00.template-help.com/wt_69536/typography.html]
[livedemo00.template-help.com/wt_69536/countdown.html]
[livedemo00.template-help.com/wt_69536/animated-counter.html]
[livedemo00.template-help.com/wt_69536/number-counter.html]
[livedemo00.template-help.com/wt_69536/circles-counter.html]
[static.livedemo00.template-help.com/wt_69536/images/nonstandart-post-1-886x668.jpg]
[livedemo00.template-help.com/wt_69536/standard-post.html]
[livedemo00.template-help.com/wt_69536/nonstandard-post-with-sidebar.html]
[livedemo00.template-help.com/wt_69536/nonstandard-post.html]
[livedemo00.template-help.com/wt_69536/gallery-post.html]
[livedemo00.template-help.com/wt_69536/image-post.html]
[livedemo00.template-help.com/wt_69536/link-post.html]
[livedemo00.template-help.com/wt_69536/quote-post.html]
[livedemo00.template-help.com/wt_69536/video-post.html]
[livedemo00.template-help.com/wt_69536/audio-post.html]
[livedemo00.template-help.com/wt_69536/classic-blog.html]
[livedemo00.template-help.com/wt_69536/grid-blog.html]
[livedemo00.template-help.com/wt_69536/masonry-blog.html]
[livedemo00.template-help.com/wt_69536/justify-blog.html]
[livedemo00.template-help.com/wt_69536/left-sidebar.html]
[livedemo00.template-help.com/wt_69536/right-sidebar.html]
[livedemo00.template-help.com/wt_69536/no-sidebar.html]
[livedemo00.template-help.com/wt_69536/contacts.html]
[static.livedemo00.template-help.com/wt_69536/images/service-1.jpg]
[static.livedemo00.template-help.com/wt_69536/images/service-2.jpg]
[static.livedemo00.template-help.com/wt_69536/images/service-6.jpg]
[static.livedemo00.template-help.com/wt_69536/images/bg-decor-4.png]
[static.livedemo00.template-help.com/wt_69536/images/portfolio-original-9-1920x1282.jpg]
[static.livedemo00.template-help.com/wt_69536/images/portfolio-original-4-1920x1920.jpg]
[static.livedemo00.template-help.com/wt_69536/images/portfolio-3-418x315.jpg]
[static.livedemo00.template-help.com/wt_69536/images/bg-decor-7.png]
[static.livedemo00.template-help.com/wt_69536/images/luis-maxwell-418x415.jpg]
[static.livedemo00.template-help.com/wt_69536/images/deborah-quagmire-120x120.jpg]
[static.livedemo00.template-help.com/wt_69536/images/benedict-arnold-120x120.jpg]
[www.googletagmanager.com/gtm5445.html]
[static.livedemo00.template-help.com/wt_69536/fonts/lgd641.svg]
[static.livedemo00.template-help.com/wt_69536/images/vimeo-play.html]
[static.livedemo00.template-help.com/wt_69536/images/video-play.html]
[static.livedemo00.template-help.com/wt_69536/images/youtube-play.html]
[static.livedemo00.template-help.com/wt_69536/images/sprite-01-8192x200.html]
[static.livedemo00.template-help.com/wt_69536/images/sprite-02-25276x200.html]
[static.livedemo00.template-help.com/wt_69536/images/sprite-03-27000x200.html]
[static.livedemo00.template-help.com/wt_69536/images/sprite-04-29904x200.html]
[static.livedemo00.template-help.com/wt_69536/images/sprite-05-14400x270.html]
[static.livedemo00.template-help.com/wt_69536/images/sprite-06-26344x200.html]
[static.livedemo00.template-help.com/wt_69536/images/sprite-07-16800x333.html]
[static.livedemo00.template-help.com/wt_69536/images/bg-image-2.jpg]
[static.livedemo00.template-help.com/wt_69536/fonts/fontawesome-webfont3e6e.ttf]
[static.livedemo00.template-help.com/wt_69536/fonts/fontawesome-webfont3e6e.svg]
[static.livedemo00.template-help.com/wt_69536/fonts/materialdesignicons-webfont14e6.svg]
[static.livedemo00.template-help.com/wt_69536/images/slider-slide-2-1920x1080.jpg]
[static.livedemo00.template-help.com/wt_69536/images/bg-decor-10.png]
[static.livedemo00.template-help.com/wt_69536/fonts/materialdesignicons-webfontd41d.eot]
[static.livedemo00.template-help.com/wt_69536/images/home-variant-3-555x800.jpg]
[static.livedemo00.template-help.com/wt_69536/images/service-1-652x491.jpg]
[static.livedemo00.template-help.com/wt_69536/images/edward-elliot-418x315.jpg]
[static.livedemo00.template-help.com/wt_69536/images/testimonials-1-120x120.jpg]
[static.livedemo00.template-help.com/wt_69536/images/portfolio-justify-2-910x750.jpg]
[static.livedemo00.template-help.com/wt_69536/images/portfolio-justify-5-670x500.jpg]
[static.livedemo00.template-help.com/wt_69536/images/layout-panel/header-2.jpg]
[static.livedemo00.template-help.com/wt_69536/images/layout-panel/header-6.jpg]
[static.livedemo00.template-help.com/wt_69536/images/landing/index-variant-1.jpg]
[static.livedemo00.template-help.com/wt_69536/images/landing/index-variant-8.jpg]
[static.livedemo00.template-help.com/wt_69536/images/landing/index-2-header.jpg]
[static.livedemo00.template-help.com/wt_69536/images/landing/index-6-header.jpg]
[static.livedemo00.template-help.com/wt_69536/images/landing/index-2-footer.jpg]
[static.livedemo00.template-help.com/wt_69536/images/landing/blog-1.jpg]
[static.livedemo00.template-help.com/wt_69536/images/landing/blog-4.jpg]
[static.livedemo00.template-help.com/wt_69536/images/landing/blog-9.jpg]
[static.livedemo00.template-help.com/wt_69536/images/landing/blog-13.jpg]
[static.livedemo00.template-help.com/wt_69536/images/landing/portfolio-4.jpg]
[static.livedemo00.template-help.com/wt_69536/images/landing/portfolio-8.jpg]
[static.livedemo00.template-help.com/wt_69536/images/landing/page-2.jpg]
[static.livedemo00.template-help.com/wt_69536/images/landing/page-6.jpg]
[static.livedemo00.template-help.com/wt_69536/images/landing/page-7.jpg]
[static.livedemo00.template-help.com/wt_69536/images/landing/page-16.jpg]
[static.livedemo00.template-help.com/wt_69536/images/portfolio-2col-3-652x491.jpg]
[static.livedemo00.template-help.com/wt_69536/images/portfolio-2col-7-652x491.jpg]
[static.livedemo00.template-help.com/wt_69536/images/portfolio-masonry-1-430x430.jpg]
[static.livedemo00.template-help.com/wt_69536/images/portfolio-single-1-1200x800.jpg]
[static.livedemo00.template-help.com/wt_69536/images/portfolio-single-3-1200x800.jpg]
[static.livedemo00.template-help.com/wt_69536/images/slider-slide-14-1280x1920.jpg]
[static.livedemo00.template-help.com/wt_69536/images/portfolio-6-418x315.jpg]
[static.livedemo00.template-help.com/wt_69536/images/home-post-2-418x315.jpg]
[static.livedemo00.template-help.com/wt_69536/fonts/materialdesignicons-webfont14e6.svg]
[static.livedemo00.template-help.com/wt_69536/images/slider-slide-3-1920x1080.jpg]
[static.livedemo00.template-help.com/wt_69536/images/blog-image-1-886x668.jpg]
[static.livedemo00.template-help.com/wt_69536/images/service-4-652x491.jpg]
[static.livedemo00.template-help.com/wt_69536/images/portfolio-original-4-1920x1440.jpg]
[static.livedemo00.template-help.com/wt_69536/images/landing/index-variant-6.jpg]
[static.livedemo00.template-help.com/wt_69536/images/landing/slider-1.gif]
[static.livedemo00.template-help.com/wt_69536/images/landing/index-4-header.jpg]
[static.livedemo00.template-help.com/wt_69536/images/landing/index-3-header.jpg]
[static.livedemo00.template-help.com/wt_69536/images/landing/blog-11.jpg]
[static.livedemo00.template-help.com/wt_69536/images/landing/portfolio-6.jpg]
[static.livedemo00.template-help.com/wt_69536/images/landing/page-4.jpg]
[static.livedemo00.template-help.com/wt_69536/images/landing/page-17.jpg]
[static.livedemo00.template-help.com/wt_69536/images/portfolio-masonry-3-430x550.jpg]
[static.livedemo00.template-help.com/wt_69536/images/taylor-wilson-418x315.jpg]
[static.livedemo00.template-help.com/wt_69536/images/portfolio-original-4-1920x1440.jpg]
[static.livedemo00.template-help.com/wt_69536/images/post-classic-1-886x668.jpg]
[static.livedemo00.template-help.com/wt_69536/images/landing/blog-6.jpg]
[static.livedemo00.template-help.com/wt_69536/images/landing/portfolio-2.jpg]
[static.livedemo00.template-help.com/wt_69536/images/landing/page-9.jpg]
[static.livedemo00.template-help.com/wt_69536/images/portfolio-2col-5-652x491.jpg]
[static.livedemo00.template-help.com/wt_69536/images/portfolio-masonry-6-430x600.jpg]
